// Jest Snapshot v1, https://goo.gl/fbAQLP

exports[`Homepage renders correctly 1`] = `
<div>
  Hello World
</div>
`;
